ok - FM_HOME parameterizes data and state paths
ok - fm-lock status is scoped per home
Note: switching to 'd289e51f4fad97a15e71f5a7e5f09509fbe9ebf6'.

You are in 'detached HEAD' state. You can look around, make experimental
changes and commit them, and you can discard any commits you make in this
state without impacting any branches by switching back to a branch.

If you want to create a new branch to retain commits you create, you may
do so (now or later) by using -c with the switch command. Example:

  git switch -c <new-branch-name>

Or undo this operation with:

  git switch -

Turn off this advice by setting config variable advice.detachedHead to false

ok - seed allows overlapping project clone lists and drops the owns/owner routing
ok - home-seed validation rejects registry records no operational parser can consume
ok - home seeding refuses broken registry symlinks before provisioning
ok - home seeding refuses unreadable registries before provisioning
ok - home seed validation rejects duplicate home routes
ok - home seed validation rejects duplicate id routes
ok - home seed validation rejects nested home routes
Note: switching to 'd289e51f4fad97a15e71f5a7e5f09509fbe9ebf6'.

You are in 'detached HEAD' state. You can look around, make experimental
changes and commit them, and you can discard any commits you make in this
state without impacting any branches by switching back to a branch.

If you want to create a new branch to retain commits you create, you may
do so (now or later) by using -c with the switch command. Example:

  git switch -c <new-branch-name>

Or undo this operation with:

  git switch -

Turn off this advice by setting config variable advice.detachedHead to false

leased worktree for dash
ok - home seeding durably leases treehouse-acquired dash homes under the secondmate id
Note: switching to 'd289e51f4fad97a15e71f5a7e5f09509fbe9ebf6'.

You are in 'detached HEAD' state. You can look around, make experimental
changes and commit them, and you can discard any commits you make in this
state without impacting any branches by switching back to a branch.

If you want to create a new branch to retain commits you create, you may
do so (now or later) by using -c with the switch command. Example:

  git switch -c <new-branch-name>

Or undo this operation with:

  git switch -

Turn off this advice by setting config variable advice.detachedHead to false

ok - home seeding returns rejected acquired homes through treehouse
Note: switching to 'd289e51f4fad97a15e71f5a7e5f09509fbe9ebf6'.

You are in 'detached HEAD' state. You can look around, make experimental
changes and commit them, and you can discard any commits you make in this
state without impacting any branches by switching back to a branch.

If you want to create a new branch to retain commits you create, you may
do so (now or later) by using -c with the switch command. Example:

  git switch -c <new-branch-name>

Or undo this operation with:

  git switch -

Turn off this advice by setting config variable advice.detachedHead to false

ok - home seed rollback warns when treehouse-acquired return fails
ok - home seeding leaves unsafe acquired active homes untouched
ok - home seeding rolls back failed clone attempts without residue
ok - home seeding refuses direct seed without filled charter text
ok - home seeding refuses unfilled placeholder charters
ok - home seeding refuses empty normalized charter fields
Note: switching to 'd289e51f4fad97a15e71f5a7e5f09509fbe9ebf6'.

You are in 'detached HEAD' state. You can look around, make experimental
changes and commit them, and you can discard any commits you make in this
state without impacting any branches by switching back to a branch.

If you want to create a new branch to retain commits you create, you may
do so (now or later) by using -c with the switch command. Example:

  git switch -c <new-branch-name>

Or undo this operation with:

  git switch -

Turn off this advice by setting config variable advice.detachedHead to false

ok - home seeding scaffolds, registers, and spawns a project-less home end to end
ok - secondmate spawn resolves home validation and projects from punctuated registry fields
ok - secondmate spawn refuses ambiguous, supplied-home, and metadata-home registry bindings
ok - home seeding validates reused project-less charters before mutation
ok - home seeding refuses project-less conversion of a populated home
ok - home seeding refuses project-less homes whose projects directory cannot be inspected
ok - home seeding refuses project-less homes with symlinked projects directories
ok - home seeding refuses project-less homes with non-directory projects paths
ok - home seeding refuses project-less homes whose project registry cannot be inspected
ok - home seeding fails loudly on accidental project omission and rejects mixed --no-projects
ok - home seeding refuses local-only projects
ok - home seeding refuses a registry entry whose posture does not resolve
ok - home seeding carries a spaced project's registry entry and posture into the secondmate home
ok - home seeding carries a dashed project's registry entry and posture into the secondmate home
ok - project-less refusal names a spaced registry entry whole
ok - home seeding refuses registry delimiter home paths
Note: switching to 'd289e51f4fad97a15e71f5a7e5f09509fbe9ebf6'.

You are in 'detached HEAD' state. You can look around, make experimental
changes and commit them, and you can discard any commits you make in this
state without impacting any branches by switching back to a branch.

If you want to create a new branch to retain commits you create, you may
do so (now or later) by using -c with the switch command. Example:

  git switch -c <new-branch-name>

Or undo this operation with:

  git switch -

Turn off this advice by setting config variable advice.detachedHead to false

Note: switching to 'd289e51f4fad97a15e71f5a7e5f09509fbe9ebf6'.

You are in 'detached HEAD' state. You can look around, make experimental
changes and commit them, and you can discard any commits you make in this
state without impacting any branches by switching back to a branch.

If you want to create a new branch to retain commits you create, you may
do so (now or later) by using -c with the switch command. Example:

  git switch -c <new-branch-name>

Or undo this operation with:

  git switch -

Turn off this advice by setting config variable advice.detachedHead to false

Note: switching to 'd289e51f4fad97a15e71f5a7e5f09509fbe9ebf6'.

You are in 'detached HEAD' state. You can look around, make experimental
changes and commit them, and you can discard any commits you make in this
state without impacting any branches by switching back to a branch.

If you want to create a new branch to retain commits you create, you may
do so (now or later) by using -c with the switch command. Example:

  git switch -c <new-branch-name>

Or undo this operation with:

  git switch -

Turn off this advice by setting config variable advice.detachedHead to false

Note: switching to 'd289e51f4fad97a15e71f5a7e5f09509fbe9ebf6'.

You are in 'detached HEAD' state. You can look around, make experimental
changes and commit them, and you can discard any commits you make in this
state without impacting any branches by switching back to a branch.

If you want to create a new branch to retain commits you create, you may
do so (now or later) by using -c with the switch command. Example:

  git switch -c <new-branch-name>

Or undo this operation with:

  git switch -

Turn off this advice by setting config variable advice.detachedHead to false

ok - home seeding refuses active home and repo root
Note: switching to 'd289e51f4fad97a15e71f5a7e5f09509fbe9ebf6'.

You are in 'detached HEAD' state. You can look around, make experimental
changes and commit them, and you can discard any commits you make in this
state without impacting any branches by switching back to a branch.

If you want to create a new branch to retain commits you create, you may
do so (now or later) by using -c with the switch command. Example:

  git switch -c <new-branch-name>

Or undo this operation with:

  git switch -

Turn off this advice by setting config variable advice.detachedHead to false

ok - home seeding refuses homes marked for another id
Note: switching to 'd289e51f4fad97a15e71f5a7e5f09509fbe9ebf6'.

You are in 'detached HEAD' state. You can look around, make experimental
changes and commit them, and you can discard any commits you make in this
state without impacting any branches by switching back to a branch.

If you want to create a new branch to retain commits you create, you may
do so (now or later) by using -c with the switch command. Example:

  git switch -c <new-branch-name>

Or undo this operation with:

  git switch -

Turn off this advice by setting config variable advice.detachedHead to false

ok - home seeding refuses homes registered to another id
Note: switching to 'd289e51f4fad97a15e71f5a7e5f09509fbe9ebf6'.

You are in 'detached HEAD' state. You can look around, make experimental
changes and commit them, and you can discard any commits you make in this
state without impacting any branches by switching back to a branch.

If you want to create a new branch to retain commits you create, you may
do so (now or later) by using -c with the switch command. Example:

  git switch -c <new-branch-name>

Or undo this operation with:

  git switch -

Turn off this advice by setting config variable advice.detachedHead to false

ok - home seeding refuses same-id reassignment to a different home
Note: switching to 'd289e51f4fad97a15e71f5a7e5f09509fbe9ebf6'.

You are in 'detached HEAD' state. You can look around, make experimental
changes and commit them, and you can discard any commits you make in this
state without impacting any branches by switching back to a branch.

If you want to create a new branch to retain commits you create, you may
do so (now or later) by using -c with the switch command. Example:

  git switch -c <new-branch-name>

Or undo this operation with:

  git switch -

Turn off this advice by setting config variable advice.detachedHead to false

Note: switching to 'd289e51f4fad97a15e71f5a7e5f09509fbe9ebf6'.

You are in 'detached HEAD' state. You can look around, make experimental
changes and commit them, and you can discard any commits you make in this
state without impacting any branches by switching back to a branch.

If you want to create a new branch to retain commits you create, you may
do so (now or later) by using -c with the switch command. Example:

  git switch -c <new-branch-name>

Or undo this operation with:

  git switch -

Turn off this advice by setting config variable advice.detachedHead to false

ok - home seeding refuses registered home overlaps
ok - remote-backed subhome seeding requires a source origin
Note: switching to 'd289e51f4fad97a15e71f5a7e5f09509fbe9ebf6'.

You are in 'detached HEAD' state. You can look around, make experimental
changes and commit them, and you can discard any commits you make in this
state without impacting any branches by switching back to a branch.

If you want to create a new branch to retain commits you create, you may
do so (now or later) by using -c with the switch command. Example:

  git switch -c <new-branch-name>

Or undo this operation with:

  git switch -

Turn off this advice by setting config variable advice.detachedHead to false

ok - remote-backed subhome seeding validates existing destination origins
Note: switching to 'd289e51f4fad97a15e71f5a7e5f09509fbe9ebf6'.

You are in 'detached HEAD' state. You can look around, make experimental
changes and commit them, and you can discard any commits you make in this
state without impacting any branches by switching back to a branch.

If you want to create a new branch to retain commits you create, you may
do so (now or later) by using -c with the switch command. Example:

  git switch -c <new-branch-name>

Or undo this operation with:

  git switch -

Turn off this advice by setting config variable advice.detachedHead to false

ok - home seeding resolves relative source origins against the source project
Note: switching to 'd289e51f4fad97a15e71f5a7e5f09509fbe9ebf6'.

You are in 'detached HEAD' state. You can look around, make experimental
changes and commit them, and you can discard any commits you make in this
state without impacting any branches by switching back to a branch.

If you want to create a new branch to retain commits you create, you may
do so (now or later) by using -c with the switch command. Example:

  git switch -c <new-branch-name>

Or undo this operation with:

  git switch -

Turn off this advice by setting config variable advice.detachedHead to false

ok - home seeding skips initialized existing no-mistakes clones
Note: switching to 'd289e51f4fad97a15e71f5a7e5f09509fbe9ebf6'.

You are in 'detached HEAD' state. You can look around, make experimental
changes and commit them, and you can discard any commits you make in this
state without impacting any branches by switching back to a branch.

If you want to create a new branch to retain commits you create, you may
do so (now or later) by using -c with the switch command. Example:

  git switch -c <new-branch-name>

Or undo this operation with:

  git switch -

Turn off this advice by setting config variable advice.detachedHead to false

ok - home seeding refuses uninitialized existing no-mistakes clones
Note: switching to 'd289e51f4fad97a15e71f5a7e5f09509fbe9ebf6'.

You are in 'detached HEAD' state. You can look around, make experimental
changes and commit them, and you can discard any commits you make in this
state without impacting any branches by switching back to a branch.

If you want to create a new branch to retain commits you create, you may
do so (now or later) by using -c with the switch command. Example:

  git switch -c <new-branch-name>

Or undo this operation with:

  git switch -

Turn off this advice by setting config variable advice.detachedHead to false

ok - home seeding refuses project destinations outside the subhome
Note: switching to 'd289e51f4fad97a15e71f5a7e5f09509fbe9ebf6'.

You are in 'detached HEAD' state. You can look around, make experimental
changes and commit them, and you can discard any commits you make in this
state without impacting any branches by switching back to a branch.

If you want to create a new branch to retain commits you create, you may
do so (now or later) by using -c with the switch command. Example:

  git switch -c <new-branch-name>

Or undo this operation with:

  git switch -

Turn off this advice by setting config variable advice.detachedHead to false

Note: switching to 'd289e51f4fad97a15e71f5a7e5f09509fbe9ebf6'.

You are in 'detached HEAD' state. You can look around, make experimental
changes and commit them, and you can discard any commits you make in this
state without impacting any branches by switching back to a branch.

If you want to create a new branch to retain commits you create, you may
do so (now or later) by using -c with the switch command. Example:

  git switch -c <new-branch-name>

Or undo this operation with:

  git switch -

Turn off this advice by setting config variable advice.detachedHead to false

Note: switching to 'd289e51f4fad97a15e71f5a7e5f09509fbe9ebf6'.

You are in 'detached HEAD' state. You can look around, make experimental
changes and commit them, and you can discard any commits you make in this
state without impacting any branches by switching back to a branch.

If you want to create a new branch to retain commits you create, you may
do so (now or later) by using -c with the switch command. Example:

  git switch -c <new-branch-name>

Or undo this operation with:

  git switch -

Turn off this advice by setting config variable advice.detachedHead to false

ok - home seeding refuses operational directories outside the subhome
Note: switching to 'd289e51f4fad97a15e71f5a7e5f09509fbe9ebf6'.

You are in 'detached HEAD' state. You can look around, make experimental
changes and commit them, and you can discard any commits you make in this
state without impacting any branches by switching back to a branch.

If you want to create a new branch to retain commits you create, you may
do so (now or later) by using -c with the switch command. Example:

  git switch -c <new-branch-name>

Or undo this operation with:

  git switch -

Turn off this advice by setting config variable advice.detachedHead to false

Note: switching to 'd289e51f4fad97a15e71f5a7e5f09509fbe9ebf6'.

You are in 'detached HEAD' state. You can look around, make experimental
changes and commit them, and you can discard any commits you make in this
state without impacting any branches by switching back to a branch.

If you want to create a new branch to retain commits you create, you may
do so (now or later) by using -c with the switch command. Example:

  git switch -c <new-branch-name>

Or undo this operation with:

  git switch -

Turn off this advice by setting config variable advice.detachedHead to false

Note: switching to 'd289e51f4fad97a15e71f5a7e5f09509fbe9ebf6'.

You are in 'detached HEAD' state. You can look around, make experimental
changes and commit them, and you can discard any commits you make in this
state without impacting any branches by switching back to a branch.

If you want to create a new branch to retain commits you create, you may
do so (now or later) by using -c with the switch command. Example:

  git switch -c <new-branch-name>

Or undo this operation with:

  git switch -

Turn off this advice by setting config variable advice.detachedHead to false

Note: switching to 'd289e51f4fad97a15e71f5a7e5f09509fbe9ebf6'.

You are in 'detached HEAD' state. You can look around, make experimental
changes and commit them, and you can discard any commits you make in this
state without impacting any branches by switching back to a branch.

If you want to create a new branch to retain commits you create, you may
do so (now or later) by using -c with the switch command. Example:

  git switch -c <new-branch-name>

Or undo this operation with:

  git switch -

Turn off this advice by setting config variable advice.detachedHead to false

Note: switching to 'd289e51f4fad97a15e71f5a7e5f09509fbe9ebf6'.

You are in 'detached HEAD' state. You can look around, make experimental
changes and commit them, and you can discard any commits you make in this
state without impacting any branches by switching back to a branch.

If you want to create a new branch to retain commits you create, you may
do so (now or later) by using -c with the switch command. Example:

  git switch -c <new-branch-name>

Or undo this operation with:

  git switch -

Turn off this advice by setting config variable advice.detachedHead to false

Note: switching to 'd289e51f4fad97a15e71f5a7e5f09509fbe9ebf6'.

You are in 'detached HEAD' state. You can look around, make experimental
changes and commit them, and you can discard any commits you make in this
state without impacting any branches by switching back to a branch.

If you want to create a new branch to retain commits you create, you may
do so (now or later) by using -c with the switch command. Example:

  git switch -c <new-branch-name>

Or undo this operation with:

  git switch -

Turn off this advice by setting config variable advice.detachedHead to false

Note: switching to 'd289e51f4fad97a15e71f5a7e5f09509fbe9ebf6'.

You are in 'detached HEAD' state. You can look around, make experimental
changes and commit them, and you can discard any commits you make in this
state without impacting any branches by switching back to a branch.

If you want to create a new branch to retain commits you create, you may
do so (now or later) by using -c with the switch command. Example:

  git switch -c <new-branch-name>

Or undo this operation with:

  git switch -

Turn off this advice by setting config variable advice.detachedHead to false

Note: switching to 'd289e51f4fad97a15e71f5a7e5f09509fbe9ebf6'.

You are in 'detached HEAD' state. You can look around, make experimental
changes and commit them, and you can discard any commits you make in this
state without impacting any branches by switching back to a branch.

If you want to create a new branch to retain commits you create, you may
do so (now or later) by using -c with the switch command. Example:

  git switch -c <new-branch-name>

Or undo this operation with:

  git switch -

Turn off this advice by setting config variable advice.detachedHead to false

ok - home seeding refuses symlinked and non-regular leaf files
Note: switching to 'd289e51f4fad97a15e71f5a7e5f09509fbe9ebf6'.

You are in 'detached HEAD' state. You can look around, make experimental
changes and commit them, and you can discard any commits you make in this
state without impacting any branches by switching back to a branch.

If you want to create a new branch to retain commits you create, you may
do so (now or later) by using -c with the switch command. Example:

  git switch -c <new-branch-name>

Or undo this operation with:

  git switch -

Turn off this advice by setting config variable advice.detachedHead to false

ok - home reseeding preserves and enforces the durable parent binding
ok - secondmate spawn validates homes before launch
ok - secondmate spawn refuses operational directories outside the subhome
ok - fm-send refuses a bare firstmate window with no metadata in this home
ok - secondmate teardown retires empty homes and releases routing
ok - the supervision branch cannot retire a secondmate and leaves it fully intact
ok - secondmate teardown refuses ambiguous and identity-mismatched registry bindings
ok - normal secondmate teardown sweeps process events before removal
ok - secondmate teardown preserves state when process-event sweeping is unavailable
ok - later teardown refusals preserve active process-event sources
ok - force teardown sweeps nested secondmate homes before deletion
ok - force teardown preserves nested process-event restoration status and recovery state
ok - secondmate teardown refuses to hide failed leased-home return
ok - secondmate teardown raw-removes plain-clone homes, including a leaked read-only strip dir
ok - secondmate force teardown discards child work
ok - forced secondmate teardown refuses duplicated descendant pool slots
ok - secondmate force teardown preserves child worktree after unproven lock refusal
ok - force teardown allows non-state operational directory symlinks inside the subhome
Terminated: 15             PATH="$fakebin:$PATH" FM_HOME="$home" FM_FAKE_TMUX_LOG="$log" FM_FAKE_TMUX_CAPTURE="$TMP_ROOT/symlink-state-teardown-fake/pane.txt" "$ROOT/bin/fm-teardown.sh" domain --force > /dev/null 2> "$err"
